ECHO 处于关闭状态。
ECHO 处于关闭状态。
GESTUREFLOW_HAGRID18_DMP_SELECTED_BIT = E:/zcu104_vivado/gftmpl/logs/zcu104_gf.bit
GESTUREFLOW_HAGRID18_DMP_SELECTED_XSA = E:/zcu104_vivado/gftmpl/logs/zcu104_gf.xsa
GESTUREFLOW_HAGRID18_DMP_SELECTED_ELF = E:/zcu104_vivado/gfvit/ws/gf_dmp/Debug/gf_dmp.elf
attempting to launch hw_server

****** Xilinx hw_server v2023.2
  **** Build date : Oct 13 2023 at 21:31:40
    ** Copyright 1986-2022 Xilinx, Inc. All Rights Reserved.
    ** Copyright 2022-2023 Advanced Micro Devices, Inc. All Rights Reserved.

INFO: hw_server application started
INFO: Use Ctrl-C to exit hw_server application



****** Xilinx hw_server v2023.2

  **** Build date : Oct 13 2023 at 21:31:40

    ** Copyright 1986-2022 Xilinx, Inc. All Rights Reserved.

    ** Copyright 2022-2023 Advanced Micro Devices, Inc. All Rights Reserved.



INFO: hw_server application started

INFO: Use Ctrl-C to exit hw_server application




INFO: To connect to this hw_server instance use url: TCP:127.0.0.1:3121



Warning: Cannot create '3003:microblaze64' GDB server: 

GESTUREFLOW_HAGRID18_DMP_PSU_INIT = E:/zcu104_vivado/gfvit/ws/gf_plat/hw/psu_init.tcl
GESTUREFLOW_HAGRID18_DMP_PL_PROGRAMMED filter=name =~ "PL"
INFO: [Hsi 55-2053] elapsed time for repository (E:/Xilinx/Vitis/2023.2/data/embeddedsw) loading 0 seconds
hsi::open_hw_design: Time (s): cpu = 00:00:02 ; elapsed = 00:00:06 . Memory (MB): peak = 256.215 ; gain = 127.977
WARNING: [Common 17-673] Cannot get value of property 'CONFIG.C_BASEADDR' because this property is not valid in conjunction with other property setting on this object.
WARNING: [Common 17-673] Cannot get value of property 'CONFIG.C_BASEADDR' because this property is not valid in conjunction with other property setting on this object.
WARNING: [Common 17-673] Cannot get value of property 'CONFIG.C_BASEADDR' because this property is not valid in conjunction with other property setting on this object.
WARNING: [Common 17-673] Cannot get value of property 'CONFIG.C_BASEADDR' because this property is not valid in conjunction with other property setting on this object.
WARNING: [Common 17-673] Cannot get value of property 'CONFIG.C_BASEADDR' because this property is not valid in conjunction with other property setting on this object.
WARNING: [Common 17-673] Cannot get value of property 'CONFIG.C_BASEADDR' because this property is not valid in conjunction with other property setting on this object.
WARNING: [Common 17-673] Cannot get value of property 'CONFIG.C_BASEADDR' because this property is not valid in conjunction with other property setting on this object.
WARNING: [Common 17-673] Cannot get value of property 'CONFIG.C_BASEADDR' because this property is not valid in conjunction with other property setting on this object.
WARNING: [Common 17-673] Cannot get value of property 'CONFIG.C_BASEADDR' because this property is not valid in conjunction with other property setting on this object.
WARNING: [Common 17-673] Cannot get value of property 'CONFIG.C_BASEADDR' because this property is not valid in conjunction with other property setting on this object.
WARNING: [Common 17-673] Cannot get value of property 'CONFIG.C_BASEADDR' because this property is not valid in conjunction with other property setting on this object.
WARNING: [Common 17-673] Cannot get value of property 'CONFIG.C_BASEADDR' because this property is not valid in conjunction with other property setting on this object.
WARNING: [Common 17-673] Cannot get value of property 'CONFIG.C_BASEADDR' because this property is not valid in conjunction with other property setting on this object.
WARNING: [Common 17-673] Cannot get value of property 'CONFIG.C_BASEADDR' because this property is not valid in conjunction with other property setting on this object.
WARNING: [Common 17-673] Cannot get value of property 'CONFIG.C_BASEADDR' because this property is not valid in conjunction with other property setting on this object.
WARNING: [Common 17-673] Cannot get value of property 'CONFIG.C_BASEADDR' because this property is not valid in conjunction with other property setting on this object.
WARNING: [Common 17-673] Cannot get value of property 'CONFIG.C_BASEADDR' because this property is not valid in conjunction with other property setting on this object.
WARNING: [Common 17-673] Cannot get value of property 'CONFIG.C_BASEADDR' because this property is not valid in conjunction with other property setting on this object.
WARNING: [Common 17-673] Cannot get value of property 'CONFIG.C_BASEADDR' because this property is not valid in conjunction with other property setting on this object.
WARNING: [Common 17-673] Cannot get value of property 'CONFIG.C_BASEADDR' because this property is not valid in conjunction with other property setting on this object.
WARNING: [Common 17-673] Cannot get value of property 'CONFIG.C_BASEADDR' because this property is not valid in conjunction with other property setting on this object.
WARNING: [Common 17-673] Cannot get value of property 'CONFIG.C_BASEADDR' because this property is not valid in conjunction with other property setting on this object.
WARNING: [Common 17-673] Cannot get value of property 'CONFIG.C_BASEADDR' because this property is not valid in conjunction with other property setting on this object.
WARNING: [Common 17-673] Cannot get value of property 'CONFIG.C_BASEADDR' because this property is not valid in conjunction with other property setting on this object.
WARNING: [Common 17-673] Cannot get value of property 'CONFIG.C_BASEADDR' because this property is not valid in conjunction with other property setting on this object.
WARNING: [Common 17-673] Cannot get value of property 'CONFIG.C_BASEADDR' because this property is not valid in conjunction with other property setting on this object.
WARNING: [Common 17-673] Cannot get value of property 'CONFIG.C_BASEADDR' because this property is not valid in conjunction with other property setting on this object.
WARNING: [Common 17-673] Cannot get value of property 'CONFIG.C_BASEADDR' because this property is not valid in conjunction with other property setting on this object.
WARNING: [Common 17-673] Cannot get value of property 'CONFIG.C_BASEADDR' because this property is not valid in conjunction with other property setting on this object.
WARNING: [Common 17-673] Cannot get value of property 'CONFIG.C_BASEADDR' because this property is not valid in conjunction with other property setting on this object.
WARNING: [Common 17-673] Cannot get value of property 'CONFIG.C_BASEADDR' because this property is not valid in conjunction with other property setting on this object.
WARNING: [Common 17-673] Cannot get value of property 'CONFIG.C_BASEADDR' because this property is not valid in conjunction with other property setting on this object.
WARNING: [Common 17-673] Cannot get value of property 'CONFIG.C_BASEADDR' because this property is not valid in conjunction with other property setting on this object.
WARNING: [Common 17-673] Cannot get value of property 'CONFIG.C_BASEADDR' because this property is not valid in conjunction with other property setting on this object.
WARNING: [Common 17-673] Cannot get value of property 'CONFIG.C_BASEADDR' because this property is not valid in conjunction with other property setting on this object.
WARNING: [Common 17-673] Cannot get value of property 'CONFIG.C_BASEADDR' because this property is not valid in conjunction with other property setting on this object.
WARNING: [Common 17-673] Cannot get value of property 'CONFIG.C_BASEADDR' because this property is not valid in conjunction with other property setting on this object.
WARNING: [Common 17-673] Cannot get value of property 'CONFIG.C_BASEADDR' because this property is not valid in conjunction with other property setting on this object.
WARNING: [Common 17-673] Cannot get value of property 'CONFIG.C_BASEADDR' because this property is not valid in conjunction with other property setting on this object.
WARNING: [Common 17-673] Cannot get value of property 'CONFIG.C_BASEADDR' because this property is not valid in conjunction with other property setting on this object.
WARNING: [Common 17-673] Cannot get value of property 'CONFIG.C_BASEADDR' because this property is not valid in conjunction with other property setting on this object.
WARNING: [Common 17-673] Cannot get value of property 'CONFIG.C_BASEADDR' because this property is not valid in conjunction with other property setting on this object.
WARNING: [Common 17-673] Cannot get value of property 'CONFIG.C_BASEADDR' because this property is not valid in conjunction with other property setting on this object.
WARNING: [Common 17-673] Cannot get value of property 'CONFIG.C_BASEADDR' because this property is not valid in conjunction with other property setting on this object.
WARNING: [Common 17-673] Cannot get value of property 'CONFIG.C_BASEADDR' because this property is not valid in conjunction with other property setting on this object.
WARNING: [Common 17-673] Cannot get value of property 'CONFIG.C_BASEADDR' because this property is not valid in conjunction with other property setting on this object.
WARNING: [Common 17-673] Cannot get value of property 'CONFIG.C_BASEADDR' because this property is not valid in conjunction with other property setting on this object.
WARNING: [Common 17-673] Cannot get value of property 'CONFIG.C_BASEADDR' because this property is not valid in conjunction with other property setting on this object.
WARNING: [Common 17-673] Cannot get value of property 'CONFIG.C_BASEADDR' because this property is not valid in conjunction with other property setting on this object.
WARNING: [Common 17-673] Cannot get value of property 'CONFIG.C_BASEADDR' because this property is not valid in conjunction with other property setting on this object.
WARNING: [Common 17-673] Cannot get value of property 'CONFIG.C_BASEADDR' because this property is not valid in conjunction with other property setting on this object.
WARNING: [Common 17-673] Cannot get value of property 'CONFIG.C_BASEADDR' because this property is not valid in conjunction with other property setting on this object.
WARNING: [Common 17-673] Cannot get value of property 'CONFIG.C_BASEADDR' because this property is not valid in conjunction with other property setting on this object.
WARNING: [Common 17-673] Cannot get value of property 'CONFIG.C_BASEADDR' because this property is not valid in conjunction with other property setting on this object.
WARNING: [Common 17-673] Cannot get value of property 'CONFIG.C_BASEADDR' because this property is not valid in conjunction with other property setting on this object.
WARNING: [Common 17-673] Cannot get value of property 'CONFIG.C_BASEADDR' because this property is not valid in conjunction with other property setting on this object.
WARNING: [Common 17-673] Cannot get value of property 'CONFIG.C_BASEADDR' because this property is not valid in conjunction with other property setting on this object.
WARNING: [Common 17-673] Cannot get value of property 'CONFIG.C_BASEADDR' because this property is not valid in conjunction with other property setting on this object.
WARNING: [Common 17-673] Cannot get value of property 'CONFIG.C_BASEADDR' because this property is not valid in conjunction with other property setting on this object.
WARNING: [Common 17-673] Cannot get value of property 'CONFIG.C_BASEADDR' because this property is not valid in conjunction with other property setting on this object.
WARNING: [Common 17-673] Cannot get value of property 'CONFIG.C_BASEADDR' because this property is not valid in conjunction with other property setting on this object.
WARNING: [Common 17-673] Cannot get value of property 'CONFIG.C_BASEADDR' because this property is not valid in conjunction with other property setting on this object.
WARNING: [Common 17-673] Cannot get value of property 'CONFIG.C_BASEADDR' because this property is not valid in conjunction with other property setting on this object.
WARNING: [Common 17-673] Cannot get value of property 'CONFIG.C_BASEADDR' because this property is not valid in conjunction with other property setting on this object.
WARNING: [Common 17-673] Cannot get value of property 'CONFIG.C_BASEADDR' because this property is not valid in conjunction with other property setting on this object.
WARNING: [Common 17-673] Cannot get value of property 'CONFIG.C_BASEADDR' because this property is not valid in conjunction with other property setting on this object.
WARNING: [Common 17-673] Cannot get value of property 'CONFIG.C_BASEADDR' because this property is not valid in conjunction with other property setting on this object.
WARNING: [Common 17-673] Cannot get value of property 'CONFIG.C_BASEADDR' because this property is not valid in conjunction with other property setting on this object.
WARNING: [Common 17-673] Cannot get value of property 'CONFIG.C_BASEADDR' because this property is not valid in conjunction with other property setting on this object.
WARNING: [Common 17-673] Cannot get value of property 'CONFIG.C_BASEADDR' because this property is not valid in conjunction with other property setting on this object.
WARNING: [Common 17-673] Cannot get value of property 'CONFIG.C_BASEADDR' because this property is not valid in conjunction with other property setting on this object.
WARNING: [Common 17-673] Cannot get value of property 'CONFIG.C_BASEADDR' because this property is not valid in conjunction with other property setting on this object.
WARNING: [Common 17-673] Cannot get value of property 'CONFIG.C_BASEADDR' because this property is not valid in conjunction with other property setting on this object.
WARNING: [Common 17-673] Cannot get value of property 'CONFIG.C_BASEADDR' because this property is not valid in conjunction with other property setting on this object.
WARNING: [Common 17-673] Cannot get value of property 'CONFIG.C_BASEADDR' because this property is not valid in conjunction with other property setting on this object.
WARNING: [Common 17-673] Cannot get value of property 'CONFIG.C_BASEADDR' because this property is not valid in conjunction with other property setting on this object.
WARNING: [Common 17-673] Cannot get value of property 'CONFIG.C_BASEADDR' because this property is not valid in conjunction with other property setting on this object.
WARNING: [Common 17-673] Cannot get value of property 'CONFIG.C_BASEADDR' because this property is not valid in conjunction with other property setting on this object.
WARNING: [Common 17-673] Cannot get value of property 'CONFIG.C_BASEADDR' because this property is not valid in conjunction with other property setting on this object.
WARNING: [Common 17-673] Cannot get value of property 'CONFIG.C_BASEADDR' because this property is not valid in conjunction with other property setting on this object.
WARNING: [Common 17-673] Cannot get value of property 'CONFIG.C_BASEADDR' because this property is not valid in conjunction with other property setting on this object.
WARNING: [Common 17-673] Cannot get value of property 'CONFIG.C_BASEADDR' because this property is not valid in conjunction with other property setting on this object.
WARNING: [Common 17-673] Cannot get value of property 'CONFIG.C_BASEADDR' because this property is not valid in conjunction with other property setting on this object.
WARNING: [Common 17-673] Cannot get value of property 'CONFIG.C_BASEADDR' because this property is not valid in conjunction with other property setting on this object.
WARNING: [Common 17-673] Cannot get value of property 'CONFIG.C_BASEADDR' because this property is not valid in conjunction with other property setting on this object.
WARNING: [Common 17-673] Cannot get value of property 'CONFIG.C_BASEADDR' because this property is not valid in conjunction with other property setting on this object.
WARNING: [Common 17-673] Cannot get value of property 'CONFIG.C_BASEADDR' because this property is not valid in conjunction with other property setting on this object.
WARNING: [Common 17-673] Cannot get value of property 'CONFIG.C_BASEADDR' because this property is not valid in conjunction with other property setting on this object.
WARNING: [Common 17-673] Cannot get value of property 'CONFIG.C_BASEADDR' because this property is not valid in conjunction with other property setting on this object.
WARNING: [Common 17-673] Cannot get value of property 'CONFIG.C_BASEADDR' because this property is not valid in conjunction with other property setting on this object.
WARNING: [Common 17-673] Cannot get value of property 'CONFIG.C_BASEADDR' because this property is not valid in conjunction with other property setting on this object.
WARNING: [Common 17-673] Cannot get value of property 'CONFIG.C_BASEADDR' because this property is not valid in conjunction with other property setting on this object.
WARNING: [Common 17-673] Cannot get value of property 'CONFIG.C_BASEADDR' because this property is not valid in conjunction with other property setting on this object.
WARNING: [Common 17-673] Cannot get value of property 'CONFIG.C_BASEADDR' because this property is not valid in conjunction with other property setting on this object.
WARNING: [Common 17-673] Cannot get value of property 'CONFIG.C_BASEADDR' because this property is not valid in conjunction with other property setting on this object.
WARNING: [Common 17-673] Cannot get value of property 'CONFIG.C_BASEADDR' because this property is not valid in conjunction with other property setting on this object.
WARNING: [Common 17-673] Cannot get value of property 'CONFIG.C_BASEADDR' because this property is not valid in conjunction with other property setting on this object.
WARNING: [Common 17-673] Cannot get value of property 'CONFIG.C_BASEADDR' because this property is not valid in conjunction with other property setting on this object.
WARNING: [Common 17-673] Cannot get value of property 'CONFIG.C_BASEADDR' because this property is not valid in conjunction with other property setting on this object.
WARNING: [Common 17-673] Cannot get value of property 'CONFIG.C_BASEADDR' because this property is not valid in conjunction with other property setting on this object.
INFO: [Common 17-14] Message 'Common 17-673' appears 100 times and further instances of the messages will be disabled. Use the Tcl command set_msg_config to change the current settings.
GESTUREFLOW_HAGRID18_DMP_RST_PROCESSOR=ok
GESTUREFLOW_HAGRID18_DMP_FINAL_RESULT = 0x600D600D
GESTUREFLOW_HAGRID18_DMP_PROBE[00] = 0x600D600D
GESTUREFLOW_HAGRID18_DMP_PROBE[01] = 0x00000000
GESTUREFLOW_HAGRID18_DMP_PROBE[02] = 0x00000000
GESTUREFLOW_HAGRID18_DMP_PROBE[03] = 0x00000000
GESTUREFLOW_HAGRID18_DMP_PROBE[04] = 0x00000000
GESTUREFLOW_HAGRID18_DMP_PROBE[05] = 0x00000000
GESTUREFLOW_HAGRID18_DMP_PROBE[06] = 0x00000000
GESTUREFLOW_HAGRID18_DMP_PROBE[07] = 0x00000000
GESTUREFLOW_HAGRID18_DMP_PROBE[08] = 0x00000000
GESTUREFLOW_HAGRID18_DMP_PROBE[09] = 0x00000000
GESTUREFLOW_HAGRID18_DMP_PROBE[10] = 0x0003D291
GESTUREFLOW_HAGRID18_DMP_PROBE[11] = 0x0006468E
GESTUREFLOW_HAGRID18_DMP_PROBE[12] = 0x00024275
GESTUREFLOW_HAGRID18_DMP_PROBE[13] = 0x00024285
GESTUREFLOW_HAGRID18_DMP_PROBE[14] = 0x0002B4D6
GESTUREFLOW_HAGRID18_DMP_PROBE[15] = 0x0002B4CA
GESTUREFLOW_HAGRID18_DMP_PROBE[16] = 0x0000DA5F
GESTUREFLOW_HAGRID18_DMP_PROBE[17] = 0x0000DA49
GESTUREFLOW_HAGRID18_DMP_PROBE[18] = 0x0000DA45
GESTUREFLOW_HAGRID18_DMP_PROBE[19] = 0x0000F7CE
GESTUREFLOW_HAGRID18_DMP_PROBE[20] = 0x0000F7B8
GESTUREFLOW_HAGRID18_DMP_PROBE[21] = 0x0000F7B9
GESTUREFLOW_HAGRID18_DMP_PROBE[22] = 0x00001912
GESTUREFLOW_HAGRID18_DMP_PROBE[23] = 0x00001913
GESTUREFLOW_HAGRID18_DMP_PROBE[24] = 0x00001916
GESTUREFLOW_HAGRID18_DMP_PROBE[25] = 0x000018FA
GESTUREFLOW_HAGRID18_DMP_PROBE[26] = 0x00001723
GESTUREFLOW_HAGRID18_DMP_PROBE[27] = 0x00000000
GESTUREFLOW_HAGRID18_DMP_PROBE[28] = 0x00000000
GESTUREFLOW_HAGRID18_DMP_PROBE[29] = 0x00000000
GESTUREFLOW_HAGRID18_DMP_PROBE[30] = 0x00000000
GESTUREFLOW_HAGRID18_DMP_PROBE[31] = 0x00000000
GESTUREFLOW_HAGRID18_DMP_PROBE[32] = 0x00000000
GESTUREFLOW_HAGRID18_DMP_PROBE[33] = 0x00000000
GESTUREFLOW_HAGRID18_DMP_PROBE[34] = 0x00000000
GESTUREFLOW_HAGRID18_DMP_PROBE[35] = 0x00000000
GESTUREFLOW_HAGRID18_DMP_PROBE[36] = 0x00000000
GESTUREFLOW_HAGRID18_DMP_PROBE[37] = 0x00000000
GESTUREFLOW_HAGRID18_DMP_PROBE[38] = 0x00000000
GESTUREFLOW_HAGRID18_DMP_PROBE[39] = 0x00000000
GESTUREFLOW_HAGRID18_DMP_PROBE[40] = 0x00000000
GESTUREFLOW_HAGRID18_DMP_PROBE[41] = 0x00000000
GESTUREFLOW_HAGRID18_DMP_PROBE[42] = 0x00000000
GESTUREFLOW_HAGRID18_DMP_PROBE[43] = 0x00000000
GESTUREFLOW_HAGRID18_DMP_PROBE[44] = 0x00000000
GESTUREFLOW_HAGRID18_DMP_PROBE[45] = 0x00000000
GESTUREFLOW_HAGRID18_DMP_PROBE[46] = 0x00000000
GESTUREFLOW_HAGRID18_DMP_PROBE[47] = 0x00000000
GESTUREFLOW_HAGRID18_DMP_PROBE[48] = 0x00000000
GESTUREFLOW_HAGRID18_DMP_PROBE[49] = 0x00000000
GESTUREFLOW_HAGRID18_DMP_PROBE[50] = 0x00000000
GESTUREFLOW_HAGRID18_DMP_PROBE[51] = 0x00000000
GESTUREFLOW_HAGRID18_DMP_PROBE[52] = 0x00000000
GESTUREFLOW_HAGRID18_DMP_PROBE[53] = 0x00000000
GESTUREFLOW_HAGRID18_DMP_PROBE[54] = 0x00000000
GESTUREFLOW_HAGRID18_DMP_PROBE[55] = 0x00000000
GESTUREFLOW_HAGRID18_DMP_PROBE[56] = 0x00000000
GESTUREFLOW_HAGRID18_DMP_PROBE[57] = 0x00000000
GESTUREFLOW_HAGRID18_DMP_PROBE[58] = 0x00000000
GESTUREFLOW_HAGRID18_DMP_PROBE[59] = 0x00000000
GESTUREFLOW_HAGRID18_DMP_PROBE[60] = 0x00000000
GESTUREFLOW_HAGRID18_DMP_PROBE[61] = 0x00000000
GESTUREFLOW_HAGRID18_DMP_PROBE[62] = 0x00000000
GESTUREFLOW_HAGRID18_DMP_PROBE[63] = 0x00000000
GESTUREFLOW_HAGRID18_DMP_PROBE[64] = 0x00000000
GESTUREFLOW_HAGRID18_DMP_PROBE[65] = 0x00000000
GESTUREFLOW_HAGRID18_DMP_PROBE[66] = 0x00000000
GESTUREFLOW_HAGRID18_DMP_PROBE[67] = 0x00000000
GESTUREFLOW_HAGRID18_DMP_PROBE[68] = 0x00000000
GESTUREFLOW_HAGRID18_DMP_PROBE[69] = 0x00000000
GESTUREFLOW_HAGRID18_DMP_PROBE[70] = 0x00000000
GESTUREFLOW_HAGRID18_DMP_PROBE[71] = 0x00000000
GESTUREFLOW_HAGRID18_DMP_PROBE[72] = 0x00000000
GESTUREFLOW_HAGRID18_DMP_PROBE[73] = 0x00000000
GESTUREFLOW_HAGRID18_DMP_PROBE[74] = 0x00000000
GESTUREFLOW_HAGRID18_DMP_PROBE[75] = 0x00000000
GESTUREFLOW_HAGRID18_DMP_PROBE[76] = 0x00000000
GESTUREFLOW_HAGRID18_DMP_PROBE[77] = 0x00000000
GESTUREFLOW_HAGRID18_DMP_PROBE[78] = 0x00000000
GESTUREFLOW_HAGRID18_DMP_PROBE[79] = 0x00000000
GESTUREFLOW_HAGRID18_DMP_PROBE[80] = 0x00000000
GESTUREFLOW_HAGRID18_DMP_PROBE[81] = 0x00000000
GESTUREFLOW_HAGRID18_DMP_PROBE[82] = 0x00000000
GESTUREFLOW_HAGRID18_DMP_PROBE[83] = 0x00000000
GESTUREFLOW_HAGRID18_DMP_PROBE[84] = 0x00000000
GESTUREFLOW_HAGRID18_DMP_PROBE[85] = 0x00000000
GESTUREFLOW_HAGRID18_DMP_PROBE[86] = 0x00000000
GESTUREFLOW_HAGRID18_DMP_PROBE[87] = 0x00000000
GESTUREFLOW_HAGRID18_DMP_PROBE[88] = 0x00000000
GESTUREFLOW_HAGRID18_DMP_PROBE[89] = 0x00000000
GESTUREFLOW_HAGRID18_DMP_PROBE[90] = 0x00000000
GESTUREFLOW_HAGRID18_DMP_PROBE[91] = 0x00000000
GESTUREFLOW_HAGRID18_DMP_PROBE[92] = 0x00000000
GESTUREFLOW_HAGRID18_DMP_PROBE[93] = 0x00000000
GESTUREFLOW_HAGRID18_DMP_PROBE[94] = 0x00000000
GESTUREFLOW_HAGRID18_DMP_PROBE[95] = 0x00000000
GESTUREFLOW_HAGRID18_DMP_PROBE[96] = 0x00000000
GESTUREFLOW_HAGRID18_DMP_PROBE[97] = 0x00000000
GESTUREFLOW_HAGRID18_DMP_PROBE[98] = 0x00000000
GESTUREFLOW_HAGRID18_DMP_PROBE[99] = 0x00000000
GESTUREFLOW_HAGRID18_DMP_PROBE[100] = 0x00000000
GESTUREFLOW_HAGRID18_DMP_PROBE[101] = 0x00000000
GESTUREFLOW_HAGRID18_DMP_PROBE[102] = 0x00000000
GESTUREFLOW_HAGRID18_DMP_PROBE[103] = 0x00000000
GESTUREFLOW_HAGRID18_DMP_PROBE[104] = 0x00000000
GESTUREFLOW_HAGRID18_DMP_PROBE[105] = 0x00000000
GESTUREFLOW_HAGRID18_DMP_PROBE[106] = 0x00000000
GESTUREFLOW_HAGRID18_DMP_PROBE[107] = 0x00000000
GESTUREFLOW_HAGRID18_DMP_PROBE[108] = 0x00000000
GESTUREFLOW_HAGRID18_DMP_PROBE[109] = 0x00000000
GESTUREFLOW_HAGRID18_DMP_PROBE[110] = 0x00000000
GESTUREFLOW_HAGRID18_DMP_PROBE[111] = 0x00000000
GESTUREFLOW_HAGRID18_DMP_PROBE[112] = 0x00000000
GESTUREFLOW_HAGRID18_DMP_PROBE[113] = 0x00000000
GESTUREFLOW_HAGRID18_DMP_PROBE[114] = 0x00000000
GESTUREFLOW_HAGRID18_DMP_PROBE[115] = 0x00000000
GESTUREFLOW_HAGRID18_DMP_PROBE[116] = 0x00000000
GESTUREFLOW_HAGRID18_DMP_PROBE[117] = 0x00000000
GESTUREFLOW_HAGRID18_DMP_PROBE[118] = 0x00000000
GESTUREFLOW_HAGRID18_DMP_PROBE[119] = 0x00000000
GESTUREFLOW_HAGRID18_DMP_PROBE[120] = 0x00000000
GESTUREFLOW_HAGRID18_DMP_PROBE[121] = 0x00000000
GESTUREFLOW_HAGRID18_DMP_PROBE[122] = 0x00000000
GESTUREFLOW_HAGRID18_DMP_PROBE[123] = 0x00000000
GESTUREFLOW_HAGRID18_DMP_PROBE[124] = 0x00000000
GESTUREFLOW_HAGRID18_DMP_PROBE[125] = 0x00000000
GESTUREFLOW_HAGRID18_DMP_PROBE[126] = 0x00000000
GESTUREFLOW_HAGRID18_DMP_PROBE[127] = 0x00000000
GESTUREFLOW_HAGRID18_DMP_PROBE[128] = 0x00000000
GESTUREFLOW_HAGRID18_DMP_PROBE[129] = 0x00000000
GESTUREFLOW_HAGRID18_DMP_PROBE[130] = 0x00294A04
GESTUREFLOW_HAGRID18_DMP_PROBE[131] = 0x0000BEE6
GESTUREFLOW_HAGRID18_DMP_PROBE[132] = 0x0000BEE6
GESTUREFLOW_HAGRID18_DMP_PROBE[133] = 0x0019F93D
GESTUREFLOW_HAGRID18_DMP_ZCU104_BOARD_PASS
=== XSCT_RC=0 ===
