Copyright 1986-2022 Xilinx, Inc. All Rights Reserved. Copyright 2022-2023 Advanced Micro Devices, Inc. All Rights Reserved.
--------------------------------------------------------------------------------------------------------------------------------------------------
| Tool Version      : Vivado v.2023.2 (win64) Build 4029153 Fri Oct 13 20:14:34 MDT 2023
| Date              : Fri Sep 11 22:05:32 2026
| Host              : LAPTOP-FPN1A7UI running 64-bit major release  (build 9200)
| Command           : report_timing_summary -file E:/zcu104_vivado/gftmpl/logs/zcu104_gf_timing_impl.rpt
| Design            : system_wrapper
| Device            : xczu7ev-ffvc1156
| Speed File        : -2  PRODUCTION 1.30 05-15-2022
| Design State      : Routed
| Temperature Grade : E
--------------------------------------------------------------------------------------------------------------------------------------------------

Timing Summary Report

------------------------------------------------------------------------------------------------
| Timer Settings
| --------------
------------------------------------------------------------------------------------------------

  Enable Multi Corner Analysis               :  Yes
  Enable Pessimism Removal                   :  Yes
  Pessimism Removal Resolution               :  Nearest Common Node
  Enable Input Delay Default Clock           :  No
  Enable Preset / Clear Arcs                 :  No
  Disable Flight Delays                      :  No
  Ignore I/O Paths                           :  No
  Timing Early Launch at Borrowing Latches   :  No
  Borrow Time for Max Delay Exceptions       :  Yes
  Merge Timing Exceptions                    :  Yes
  Inter-SLR Compensation                     :  Conservative

  Corner  Analyze    Analyze    
  Name    Max Paths  Min Paths  
  ------  ---------  ---------  
  Slow    Yes        Yes        
  Fast    Yes        Yes        


------------------------------------------------------------------------------------------------
| Report Methodology
| ------------------
------------------------------------------------------------------------------------------------

No report available as report_methodology has not been run prior. Run report_methodology on the current design for the summary of methodology violations.



check_timing report

Table of Contents
-----------------
1. checking no_clock (0)
2. checking constant_clock (0)
3. checking pulse_width_clock (0)
4. checking unconstrained_internal_endpoints (0)
5. checking no_input_delay (0)
6. checking no_output_delay (0)
7. checking multiple_clock (0)
8. checking generated_clocks (0)
9. checking loops (0)
10. checking partial_input_delay (0)
11. checking partial_output_delay (0)
12. checking latch_loops (0)

1. checking no_clock (0)
------------------------
 There are 0 register/latch pins with no clock.


2. checking constant_clock (0)
------------------------------
 There are 0 register/latch pins with constant_clock.


3. checking pulse_width_clock (0)
---------------------------------
 There are 0 register/latch pins which need pulse_width check


4. checking unconstrained_internal_endpoints (0)
------------------------------------------------
 There are 0 pins that are not constrained for maximum delay.

 There are 0 pins that are not constrained for maximum delay due to constant clock.


5. checking no_input_delay (0)
------------------------------
 There are 0 input ports with no input delay specified.

 There are 0 input ports with no input delay but user has a false path constraint.


6. checking no_output_delay (0)
-------------------------------
 There are 0 ports with no output delay specified.

 There are 0 ports with no output delay but user has a false path constraint

 There are 0 ports with no output delay but with a timing clock defined on it or propagating through it


7. checking multiple_clock (0)
------------------------------
 There are 0 register/latch pins with multiple clocks.


8. checking generated_clocks (0)
--------------------------------
 There are 0 generated clocks that are not connected to a clock source.


9. checking loops (0)
---------------------
 There are 0 combinational loops in the design.


10. checking partial_input_delay (0)
------------------------------------
 There are 0 input ports with partial input delay specified.


11. checking partial_output_delay (0)
-------------------------------------
 There are 0 ports with partial output delay specified.


12. checking latch_loops (0)
----------------------------
 There are 0 combinational latch loops in the design through latch input



------------------------------------------------------------------------------------------------
| Design Timing Summary
| ---------------------
------------------------------------------------------------------------------------------------

    WNS(ns)      TNS(ns)  TNS Failing Endpoints  TNS Total Endpoints      WHS(ns)      THS(ns)  THS Failing Endpoints  THS Total Endpoints     WPWS(ns)     TPWS(ns)  TPWS Failing Endpoints  TPWS Total Endpoints  
    -------      -------  ---------------------  -------------------      -------      -------  ---------------------  -------------------     --------     --------  ----------------------  --------------------  
      2.751        0.000                      0               163337        0.009        0.000                      0               163337        3.500        0.000                       0                 52782  


All user specified timing constraints are met.


------------------------------------------------------------------------------------------------
| Clock Summary
| -------------
------------------------------------------------------------------------------------------------

Clock     Waveform(ns)       Period(ns)      Frequency(MHz)
-----     ------------       ----------      --------------
clk_pl_0  {0.000 5.000}      10.000          100.000         


------------------------------------------------------------------------------------------------
| Intra Clock Table
| -----------------
------------------------------------------------------------------------------------------------

Clock             WNS(ns)      TNS(ns)  TNS Failing Endpoints  TNS Total Endpoints      WHS(ns)      THS(ns)  THS Failing Endpoints  THS Total Endpoints     WPWS(ns)     TPWS(ns)  TPWS Failing Endpoints  TPWS Total Endpoints  
-----             -------      -------  ---------------------  -------------------      -------      -------  ---------------------  -------------------     --------     --------  ----------------------  --------------------  
clk_pl_0            2.751        0.000                      0               163337        0.009        0.000                      0               163337        3.500        0.000                       0                 52782  


------------------------------------------------------------------------------------------------
| Inter Clock Table
| -----------------
------------------------------------------------------------------------------------------------

From Clock    To Clock          WNS(ns)      TNS(ns)  TNS Failing Endpoints  TNS Total Endpoints      WHS(ns)      THS(ns)  THS Failing Endpoints  THS Total Endpoints  
----------    --------          -------      -------  ---------------------  -------------------      -------      -------  ---------------------  -------------------  


------------------------------------------------------------------------------------------------
| Other Path Groups Table
| -----------------------
------------------------------------------------------------------------------------------------

Path Group    From Clock    To Clock          WNS(ns)      TNS(ns)  TNS Failing Endpoints  TNS Total Endpoints      WHS(ns)      THS(ns)  THS Failing Endpoints  THS Total Endpoints  
----------    ----------    --------          -------      -------  ---------------------  -------------------      -------      -------  ---------------------  -------------------  


------------------------------------------------------------------------------------------------
| Timing Details
| --------------
------------------------------------------------------------------------------------------------


---------------------------------------------------------------------------------------------------
From Clock:  clk_pl_0
  To Clock:  clk_pl_0

Setup :            0  Failing Endpoints,  Worst Slack        2.751ns,  Total Violation        0.000ns
Hold  :            0  Failing Endpoints,  Worst Slack        0.009ns,  Total Violation        0.000ns
PW    :            0  Failing Endpoints,  Worst Slack        3.500ns,  Total Violation        0.000ns
---------------------------------------------------------------------------------------------------


Max Delay Paths
--------------------------------------------------------------------------------------
Slack (MET) :             2.751ns  (required time - arrival time)
  Source:                 system_i/gestureflow_0/inst/job_width_reg[11]/C
                            (rising edge-triggered cell FDRE clocked by clk_pl_0  {rise@0.000ns fall@5.000ns period=10.000ns})
  Destination:            system_i/gestureflow_0/inst/gen_single_bank.bank0/gen_slice[3].slice_mem/storage_reg_bram_1/ENARDEN
                            (rising edge-triggered cell RAMB36E2 clocked by clk_pl_0  {rise@0.000ns fall@5.000ns period=10.000ns})
  Path Group:             clk_pl_0
  Path Type:              Setup (Max at Slow Process Corner)
  Requirement:            10.000ns  (clk_pl_0 rise@10.000ns - clk_pl_0 rise@0.000ns)
  Data Path Delay:        6.664ns  (logic 1.760ns (26.411%)  route 4.904ns (73.589%))
  Logic Levels:           7  (DSP_A_B_DATA=1 DSP_ALU=1 DSP_M_DATA=1 DSP_MULTIPLIER=1 DSP_OUTPUT=1 DSP_PREADD_DATA=1 LUT5=1)
  Clock Path Skew:        -0.113ns (DCD - SCD + CPR)
    Destination Clock Delay (DCD):    2.061ns = ( 12.061 - 10.000 ) 
    Source Clock Delay      (SCD):    2.283ns
    Clock Pessimism Removal (CPR):    0.109ns
  Clock Uncertainty:      0.130ns  ((TSJ^2 + DJ^2)^1/2) / 2 + PE
    Total System Jitter     (TSJ):    0.071ns
    Discrete Jitter          (DJ):    0.250ns
    Phase Error              (PE):    0.000ns
  Clock Net Delay (Source):      2.075ns (routing 0.654ns, distribution 1.421ns)
  Clock Net Delay (Destination): 1.893ns (routing 0.589ns, distribution 1.304ns)

    Location             Delay type                Incr(ns)  Path(ns)    Netlist Resource(s)
  -------------------------------------------------------------------    -------------------
                         (clock clk_pl_0 rise edge)
                                                      0.000     0.000 r  
    PS8_X0Y0             PS8                          0.000     0.000 r  system_i/zynq_ultra_ps_e_0/inst/PS8_i/PLCLK[0]
                         net (fo=1, routed)           0.180     0.180    system_i/zynq_ultra_ps_e_0/inst/pl_clk_unbuffered[0]
    BUFG_PS_X0Y88        BUFG_PS (Prop_BUFG_PS_I_O)
                                                      0.028     0.208 r  system_i/zynq_ultra_ps_e_0/inst/buffer_pl_clk_0.PL_CLK_0_BUFG/O
    X1Y2 (CLOCK_ROOT)    net (fo=53327, routed)       2.075     2.283    system_i/gestureflow_0/inst/aclk
    SLICE_X98Y153        FDRE                                         r  system_i/gestureflow_0/inst/job_width_reg[11]/C
  -------------------------------------------------------------------    -------------------
    SLICE_X98Y153        FDRE (Prop_DFF_SLICEL_C_Q)
                                                      0.079     2.362 f  system_i/gestureflow_0/inst/job_width_reg[11]/Q
                         net (fo=11, routed)          0.756     3.118    system_i/gestureflow_0/inst/output_write_addr/B[11]
    DSP48E2_X11Y69       DSP_A_B_DATA (Prop_DSP_A_B_DATA_DSP48E2_B[11]_B2_DATA[11])
                                                      0.151     3.269 r  system_i/gestureflow_0/inst/output_write_addr/DSP_A_B_DATA_INST/B2_DATA[11]
                         net (fo=1, routed)           0.000     3.269    system_i/gestureflow_0/inst/output_write_addr/DSP_A_B_DATA.B2_DATA<11>
    DSP48E2_X11Y69       DSP_PREADD_DATA (Prop_DSP_PREADD_DATA_DSP48E2_B2_DATA[11]_B2B1[11])
                                                      0.073     3.342 r  system_i/gestureflow_0/inst/output_write_addr/DSP_PREADD_DATA_INST/B2B1[11]
                         net (fo=1, routed)           0.000     3.342    system_i/gestureflow_0/inst/output_write_addr/DSP_PREADD_DATA.B2B1<11>
    DSP48E2_X11Y69       DSP_MULTIPLIER (Prop_DSP_MULTIPLIER_DSP48E2_B2B1[11]_V[12])
                                                      0.609     3.951 f  system_i/gestureflow_0/inst/output_write_addr/DSP_MULTIPLIER_INST/V[12]
                         net (fo=1, routed)           0.000     3.951    system_i/gestureflow_0/inst/output_write_addr/DSP_MULTIPLIER.V<12>
    DSP48E2_X11Y69       DSP_M_DATA (Prop_DSP_M_DATA_DSP48E2_V[12]_V_DATA[12])
                                                      0.046     3.997 r  system_i/gestureflow_0/inst/output_write_addr/DSP_M_DATA_INST/V_DATA[12]
                         net (fo=1, routed)           0.000     3.997    system_i/gestureflow_0/inst/output_write_addr/DSP_M_DATA.V_DATA<12>
    DSP48E2_X11Y69       DSP_ALU (Prop_DSP_ALU_DSP48E2_V_DATA[12]_ALU_OUT[12])
                                                      0.571     4.568 f  system_i/gestureflow_0/inst/output_write_addr/DSP_ALU_INST/ALU_OUT[12]
                         net (fo=1, routed)           0.000     4.568    system_i/gestureflow_0/inst/output_write_addr/DSP_ALU.ALU_OUT<12>
    DSP48E2_X11Y69       DSP_OUTPUT (Prop_DSP_OUTPUT_DSP48E2_ALU_OUT[12]_P[12])
                                                      0.109     4.677 r  system_i/gestureflow_0/inst/output_write_addr/DSP_OUTPUT_INST/P[12]
                         net (fo=32, routed)          1.468     6.144    system_i/gestureflow_0/inst/requant/P[2]
    SLICE_X71Y129        LUT5 (Prop_D6LUT_SLICEM_I2_O)
                                                      0.122     6.266 r  system_i/gestureflow_0/inst/requant/storage_reg_bram_1_i_3__1/O
                         net (fo=12, routed)          2.680     8.947    system_i/gestureflow_0/inst/gen_single_bank.bank0/gen_slice[3].slice_mem/storage_reg_bram_9_3[0]
    RAMB36_X3Y13         RAMB36E2                                     r  system_i/gestureflow_0/inst/gen_single_bank.bank0/gen_slice[3].slice_mem/storage_reg_bram_1/ENARDEN
  -------------------------------------------------------------------    -------------------

                         (clock clk_pl_0 rise edge)
                                                     10.000    10.000 r  
    PS8_X0Y0             PS8                          0.000    10.000 r  system_i/zynq_ultra_ps_e_0/inst/PS8_i/PLCLK[0]
                         net (fo=1, routed)           0.143    10.143    system_i/zynq_ultra_ps_e_0/inst/pl_clk_unbuffered[0]
    BUFG_PS_X0Y88        BUFG_PS (Prop_BUFG_PS_I_O)
                                                      0.025    10.168 r  system_i/zynq_ultra_ps_e_0/inst/buffer_pl_clk_0.PL_CLK_0_BUFG/O
    X1Y2 (CLOCK_ROOT)    net (fo=53327, routed)       1.893    12.061    system_i/gestureflow_0/inst/gen_single_bank.bank0/gen_slice[3].slice_mem/aclk
    RAMB36_X3Y13         RAMB36E2                                     r  system_i/gestureflow_0/inst/gen_single_bank.bank0/gen_slice[3].slice_mem/storage_reg_bram_1/CLKARDCLK
                         clock pessimism              0.109    12.170    
                         clock uncertainty           -0.130    12.040    
    RAMB36_X3Y13         RAMB36E2 (Setup_RAMB36E2_RAMB36_CLKARDCLK_ENARDEN)
                                                     -0.342    11.698    system_i/gestureflow_0/inst/gen_single_bank.bank0/gen_slice[3].slice_mem/storage_reg_bram_1
  -------------------------------------------------------------------
                         required time                         11.698    
                         arrival time                          -8.947    
  -------------------------------------------------------------------
                         slack                                  2.751    





Min Delay Paths
--------------------------------------------------------------------------------------
Slack (MET) :             0.009ns  (arrival time - required time)
  Source:                 system_i/gestureflow_0/inst/requant_multiplier_reg[12][5]/C
                            (rising edge-triggered cell FDRE clocked by clk_pl_0  {rise@0.000ns fall@5.000ns period=10.000ns})
  Destination:            system_i/gestureflow_0/inst/requant/pending_multiplier_reg[12][5]/D
                            (rising edge-triggered cell FDRE clocked by clk_pl_0  {rise@0.000ns fall@5.000ns period=10.000ns})
  Path Group:             clk_pl_0
  Path Type:              Hold (Min at Slow Process Corner)
  Requirement:            0.000ns  (clk_pl_0 rise@0.000ns - clk_pl_0 rise@0.000ns)
  Data Path Delay:        0.118ns  (logic 0.058ns (49.307%)  route 0.060ns (50.693%))
  Logic Levels:           0  
  Clock Path Skew:        0.046ns (DCD - SCD - CPR)
    Destination Clock Delay (DCD):    2.405ns
    Source Clock Delay      (SCD):    2.113ns
    Clock Pessimism Removal (CPR):    0.246ns
  Clock Net Delay (Source):      1.945ns (routing 0.589ns, distribution 1.356ns)
  Clock Net Delay (Destination): 2.197ns (routing 0.654ns, distribution 1.543ns)

    Location             Delay type                Incr(ns)  Path(ns)    Netlist Resource(s)
  -------------------------------------------------------------------    -------------------
                         (clock clk_pl_0 rise edge)
                                                      0.000     0.000 r  
    PS8_X0Y0             PS8                          0.000     0.000 r  system_i/zynq_ultra_ps_e_0/inst/PS8_i/PLCLK[0]
                         net (fo=1, routed)           0.143     0.143    system_i/zynq_ultra_ps_e_0/inst/pl_clk_unbuffered[0]
    BUFG_PS_X0Y88        BUFG_PS (Prop_BUFG_PS_I_O)
                                                      0.025     0.168 r  system_i/zynq_ultra_ps_e_0/inst/buffer_pl_clk_0.PL_CLK_0_BUFG/O
    X1Y2 (CLOCK_ROOT)    net (fo=53327, routed)       1.945     2.113    system_i/gestureflow_0/inst/aclk
    SLICE_X109Y184       FDRE                                         r  system_i/gestureflow_0/inst/requant_multiplier_reg[12][5]/C
  -------------------------------------------------------------------    -------------------
    SLICE_X109Y184       FDRE (Prop_CFF_SLICEM_C_Q)
                                                      0.058     2.171 r  system_i/gestureflow_0/inst/requant_multiplier_reg[12][5]/Q
                         net (fo=2, routed)           0.060     2.230    system_i/gestureflow_0/inst/requant/pending_multiplier_reg[12][31]_0[5]
    SLICE_X109Y183       FDRE                                         r  system_i/gestureflow_0/inst/requant/pending_multiplier_reg[12][5]/D
  -------------------------------------------------------------------    -------------------

                         (clock clk_pl_0 rise edge)
                                                      0.000     0.000 r  
    PS8_X0Y0             PS8                          0.000     0.000 r  system_i/zynq_ultra_ps_e_0/inst/PS8_i/PLCLK[0]
                         net (fo=1, routed)           0.180     0.180    system_i/zynq_ultra_ps_e_0/inst/pl_clk_unbuffered[0]
    BUFG_PS_X0Y88        BUFG_PS (Prop_BUFG_PS_I_O)
                                                      0.028     0.208 r  system_i/zynq_ultra_ps_e_0/inst/buffer_pl_clk_0.PL_CLK_0_BUFG/O
    X1Y2 (CLOCK_ROOT)    net (fo=53327, routed)       2.197     2.405    system_i/gestureflow_0/inst/requant/aclk
    SLICE_X109Y183       FDRE                                         r  system_i/gestureflow_0/inst/requant/pending_multiplier_reg[12][5]/C
                         clock pessimism             -0.246     2.159    
    SLICE_X109Y183       FDRE (Hold_HFF2_SLICEM_C_D)
                                                      0.062     2.221    system_i/gestureflow_0/inst/requant/pending_multiplier_reg[12][5]
  -------------------------------------------------------------------
                         required time                         -2.221    
                         arrival time                           2.230    
  -------------------------------------------------------------------
                         slack                                  0.009    





Pulse Width Checks
--------------------------------------------------------------------------------------
Clock Name:         clk_pl_0
Waveform(ns):       { 0.000 5.000 }
Period(ns):         10.000
Sources:            { system_i/zynq_ultra_ps_e_0/inst/PS8_i/PLCLK[0] }

Check Type        Corner  Lib Pin          Reference Pin  Required(ns)  Actual(ns)  Slack(ns)  Location  Pin
Min Period        n/a     PS8/MAXIGP0ACLK  n/a            3.000         10.000      7.000      PS8_X0Y0  system_i/zynq_ultra_ps_e_0/inst/PS8_i/MAXIGP0ACLK
Low Pulse Width   Slow    PS8/MAXIGP0ACLK  n/a            1.500         5.000       3.500      PS8_X0Y0  system_i/zynq_ultra_ps_e_0/inst/PS8_i/MAXIGP0ACLK
High Pulse Width  Slow    PS8/MAXIGP0ACLK  n/a            1.500         5.000       3.500      PS8_X0Y0  system_i/zynq_ultra_ps_e_0/inst/PS8_i/MAXIGP0ACLK



